----------< 100_bp_fo_nopipe >----------
1,3c1
< Simulating for 100 instructions...
< 
< Simulator halted
---
> Forwarding_set = 1Simulating for 100 cycles...
7c5
< PC: 0x00400048
---
> PC: 0x00400034
13,14c11,12
< R4: 0x0000000a
< R5: 0x00000004
---
> R4: 0x0000000e
> R5: 0x00000000
19,25c17,23
< R10: 0x00000064
< R11: 0x00000000
< R12: 0x00000060
< R13: 0xffffffeb
< R14: 0xffffffff
< R15: 0xffffffac
< R16: 0x7ffffff5
---
> R10: 0x0000008c
> R11: 0x00000008
> R12: 0x00000080
> R13: 0x00000000
> R14: 0x00000000
> R15: 0x00000000
> R16: 0x00000000
32c30
< R23: 0x00000001
---
> R23: 0x00000000
40c38
< R31: 0x00400054
---
> R31: 0x00000000
56a55,56
> 
> Simulator halted
----------< 100_bp_nofo_nopipe >----------
1,3c1
< Simulating for 100 instructions...
< 
< Simulator halted
---
> Simulating for 100 cycles...
7c5
< PC: 0x00400044
---
> PC: 0x00400030
13,14c11,12
< R4: 0x0000000a
< R5: 0x00000004
---
> R4: 0x0000000e
> R5: 0x00000000
19,25c17,23
< R10: 0x00000064
< R11: 0x00000000
< R12: 0x00000060
< R13: 0xffffffeb
< R14: 0xffffffff
< R15: 0xffffffac
< R16: 0x7ffffff5
---
> R10: 0x0000008c
> R11: 0x00000008
> R12: 0x00000080
> R13: 0x00000000
> R14: 0x00000000
> R15: 0x00000000
> R16: 0x00000000
32c30
< R23: 0x00000001
---
> R23: 0x00000000
40c38
< R31: 0x00400054
---
> R31: 0x00000000
56a55,56
> 
> Simulator halted
----------< 100_nobp_fo_nopipe >----------
1,3c1
< Simulating for 100 instructions...
< 
< Simulator halted
---
> Forwarding_set = 1Simulating for 100 cycles...
7c5
< PC: 0x00400048
---
> PC: 0x00400030
13,14c11,12
< R4: 0x0000000a
< R5: 0x00000004
---
> R4: 0x0000000e
> R5: 0x00000000
19,25c17,23
< R10: 0x00000064
< R11: 0x00000000
< R12: 0x00000060
< R13: 0xffffffeb
< R14: 0xffffffff
< R15: 0xffffffac
< R16: 0x7ffffff5
---
> R10: 0x0000008c
> R11: 0x00000008
> R12: 0x00000080
> R13: 0x00000000
> R14: 0x00000000
> R15: 0x00000000
> R16: 0x00000000
32c30
< R23: 0x00000001
---
> R23: 0x00000000
40c38
< R31: 0x00400054
---
> R31: 0x00000000
56a55,56
> 
> Simulator halted
----------< 100_nobp_nofo_nopipe >----------
1,3c1
< Simulating for 100 instructions...
< 
< Simulator halted
---
> Simulating for 100 cycles...
7c5
< PC: 0x00400044
---
> PC: 0x00400030
13,14c11,12
< R4: 0x0000000a
< R5: 0x00000004
---
> R4: 0x0000000e
> R5: 0x00000000
19,25c17,23
< R10: 0x00000064
< R11: 0x00000000
< R12: 0x00000060
< R13: 0xffffffeb
< R14: 0xffffffff
< R15: 0xffffffac
< R16: 0x7ffffff5
---
> R10: 0x0000008c
> R11: 0x00000008
> R12: 0x00000080
> R13: 0x00000000
> R14: 0x00000000
> R15: 0x00000000
> R16: 0x00000000
32c30
< R23: 0x00000001
---
> R23: 0x00000000
40c38
< R31: 0x00400054
---
> R31: 0x00000000
56a55,56
> 
> Simulator halted
----------< 1000_bp_fo_nopipe >----------
1,3c1
< Simulating for 1000 instructions...
< 
< Simulator halted
---
> Forwarding_set = 1Simulating for 1000 cycles...
7c5
< PC: 0x00400074
---
> PC: 0x00400024
13,14c11,12
< R4: 0x0000000a
< R5: 0x00000014
---
> R4: 0x0000008e
> R5: 0x00000000
19,21c17,19
< R10: 0x00000064
< R11: 0x00000000
< R12: 0x00000060
---
> R10: 0x0000058c
> R11: 0x00000008
> R12: 0x00000080
23c21
< R14: 0x00000014
---
> R14: 0x00000000
26c24
< R17: 0x0000000a
---
> R17: 0x00000000
40c38
< R31: 0x00400054
---
> R31: 0x00000000
46c44
< 0x10000008: 0x00000064
---
> 0x10000008: 0x00000000
48c46
< 0x10000010: 0x00000060
---
> 0x10000010: 0x00000000
50c48
< 0x10000018: 0x00000014
---
> 0x10000018: 0x00000000
56a55,56
> 
> Simulator halted
----------< 1000_bp_nofo_nopipe >----------
1,3c1
< Simulating for 1000 instructions...
< 
< Simulator halted
---
> Simulating for 1000 cycles...
7c5
< PC: 0x00400074
---
> PC: 0x00400024
13,14c11,12
< R4: 0x0000000a
< R5: 0x00000014
---
> R4: 0x0000008e
> R5: 0x00000000
19,21c17,19
< R10: 0x00000064
< R11: 0x00000000
< R12: 0x00000060
---
> R10: 0x0000058c
> R11: 0x00000008
> R12: 0x00000080
23c21
< R14: 0x00000014
---
> R14: 0x00000000
26c24
< R17: 0x0000000a
---
> R17: 0x00000000
40c38
< R31: 0x00400054
---
> R31: 0x00000000
46c44
< 0x10000008: 0x00000064
---
> 0x10000008: 0x00000000
48c46
< 0x10000010: 0x00000060
---
> 0x10000010: 0x00000000
50c48
< 0x10000018: 0x00000014
---
> 0x10000018: 0x00000000
56a55,56
> 
> Simulator halted
----------< 1000_nobp_fo_nopipe >----------
1,3c1
< Simulating for 1000 instructions...
< 
< Simulator halted
---
> Forwarding_set = 1Simulating for 1000 cycles...
7c5
< PC: 0x00400074
---
> PC: 0x00400024
13,14c11,12
< R4: 0x0000000a
< R5: 0x00000014
---
> R4: 0x0000008e
> R5: 0x00000000
19,21c17,19
< R10: 0x00000064
< R11: 0x00000000
< R12: 0x00000060
---
> R10: 0x0000058c
> R11: 0x00000008
> R12: 0x00000080
23c21
< R14: 0x00000014
---
> R14: 0x00000000
26c24
< R17: 0x0000000a
---
> R17: 0x00000000
40c38
< R31: 0x00400054
---
> R31: 0x00000000
46c44
< 0x10000008: 0x00000064
---
> 0x10000008: 0x00000000
48c46
< 0x10000010: 0x00000060
---
> 0x10000010: 0x00000000
50c48
< 0x10000018: 0x00000014
---
> 0x10000018: 0x00000000
56a55,56
> 
> Simulator halted
----------< 1000_nobp_nofo_nopipe >----------
1,3c1
< Simulating for 1000 instructions...
< 
< Simulator halted
---
> Simulating for 1000 cycles...
7c5
< PC: 0x00400074
---
> PC: 0x00400024
13,14c11,12
< R4: 0x0000000a
< R5: 0x00000014
---
> R4: 0x0000008e
> R5: 0x00000000
19,21c17,19
< R10: 0x00000064
< R11: 0x00000000
< R12: 0x00000060
---
> R10: 0x0000058c
> R11: 0x00000008
> R12: 0x00000080
23c21
< R14: 0x00000014
---
> R14: 0x00000000
26c24
< R17: 0x0000000a
---
> R17: 0x00000000
40c38
< R31: 0x00400054
---
> R31: 0x00000000
46c44
< 0x10000008: 0x00000064
---
> 0x10000008: 0x00000000
48c46
< 0x10000010: 0x00000060
---
> 0x10000010: 0x00000000
50c48
< 0x10000018: 0x00000014
---
> 0x10000018: 0x00000000
56a55,56
> 
> Simulator halted
