----------< 10_bp_fo >----------
1c1
< Simulating for 10 instructions...
---
> Forwarding_set = 1Simulating for 10 cycles...
81,85c81,85
< R10: 0x00000929
< R11: 0x0000222c
< R12: 0x000029f4
< R13: 0x00002e4b
< R14: 0x00000443
---
> R10: 0x000004d2
> R11: 0x0000000a
> R12: 0x000007d2
> R13: 0x00000c29
> R14: 0x00000401
----------< 10_bp_nofo >----------
1c1
< Simulating for 10 instructions...
---
> Simulating for 10 cycles...
----------< 10_nobp_fo >----------
1c1
< Simulating for 10 instructions...
---
> Forwarding_set = 1Simulating for 10 cycles...
81,85c81,85
< R10: 0x00000929
< R11: 0x0000222c
< R12: 0x000029f4
< R13: 0x00002e4b
< R14: 0x00000443
---
> R10: 0x000004d2
> R11: 0x0000000a
> R12: 0x000007d2
> R13: 0x00000c29
> R14: 0x00000401
----------< 10_nobp_nofo >----------
1c1
< Simulating for 10 instructions...
---
> Simulating for 10 cycles...
----------< 30_bp_fo >----------
1c1
< Simulating for 30 instructions...
---
> Forwarding_set = 1Simulating for 30 cycles...
129c129
< CYCLE 32:          |0x00400070|0x0040006c|0x00400068|0x00400064
---
> CYCLE 32:0x00400074|0x00400070|0x0040006c|0x00400068|0x00400064
133c133
< CYCLE 33:          |          |0x00400070|0x0040006c|0x00400068
---
> CYCLE 33:0x00400078|0x00400074|0x00400070|0x0040006c|0x00400068
137c137
< CYCLE 34:          |          |          |0x00400070|0x0040006c
---
> CYCLE 34:0x0040007c|0x00400078|0x00400074|0x00400070|0x0040006c
141c141,145
< CYCLE 35:          |          |          |          |0x00400070
---
> CYCLE 35:0x00400080|0x0040007c|0x00400078|0x00400074|0x00400070
> 
> Current pipeline PC state :
> -------------------------------------
> CYCLE 36:0x00400084|0x00400080|0x0040007c|0x00400078|0x00400074
145c149
< PC: 0x00400074
---
> PC: 0x00400088
157,168c161,172
< R10: 0x00000929
< R11: 0x0000222c
< R12: 0x000029f4
< R13: 0x00002e4b
< R14: 0x00000443
< R15: 0x00000041
< R16: 0x00000805
< R17: 0xffffd5d8
< R18: 0xfffff7fa
< R19: 0xffffdfe8
< R20: 0x7fffeff4
< R21: 0x7fffeb9d
---
> R10: 0x000004d2
> R11: 0x0000000a
> R12: 0x000007d2
> R13: 0x00000c29
> R14: 0x00000401
> R15: 0x00000001
> R16: 0x000007c5
> R17: 0xffffd818
> R18: 0xfffffa3a
> R19: 0x00000000
> R20: 0x00000000
> R21: 0xfffffba9
184,195c188,199
< 0x10000008: 0x00000929
< 0x1000000c: 0x0000222c
< 0x10000010: 0x000029f4
< 0x10000014: 0x00002e4b
< 0x10000018: 0x00000443
< 0x1000001c: 0x00000041
< 0x10000020: 0x00000805
< 0x10000024: 0xffffd5d8
< 0x10000028: 0xfffff7fa
< 0x1000002c: 0xffffdfe8
< 0x10000030: 0x7fffeff4
< 0x10000034: 0x7fffeb9d
---
> 0x10000008: 0x000004d2
> 0x1000000c: 0x0000000a
> 0x10000010: 0x000007d2
> 0x10000014: 0x00000c29
> 0x10000018: 0x00000401
> 0x1000001c: 0x00000001
> 0x10000020: 0x000007c5
> 0x10000024: 0xffffd818
> 0x10000028: 0xfffffa3a
> 0x1000002c: 0x00000000
> 0x10000030: 0x00000000
> 0x10000034: 0xfffffba9
----------< 30_bp_nofo >----------
1c1
< Simulating for 30 instructions...
---
> Simulating for 30 cycles...
161c161
< CYCLE 40:0x00400040|0x0040003c|          |0x00400038|          
---
> CYCLE 40:0x00400044|0x00400040|0x0040003c|0x00400038|          
165c165
< CYCLE 41:0x00400040|0x0040003c|          |          |0x00400038
---
> CYCLE 41:0x00400044|0x00400040|          |0x0040003c|0x00400038
169c169
< CYCLE 42:0x00400044|0x00400040|0x0040003c|          |          
---
> CYCLE 42:0x00400044|0x00400040|          |          |0x0040003c
173c173
< CYCLE 43:0x00400044|0x00400040|          |0x0040003c|          
---
> CYCLE 43:0x00400048|0x00400044|0x00400040|          |          
177c177
< CYCLE 44:0x00400044|0x00400040|          |          |0x0040003c
---
> CYCLE 44:0x0040004c|0x00400048|0x00400044|0x00400040|          
181c181
< CYCLE 45:0x00400048|0x00400044|0x00400040|          |          
---
> CYCLE 45:0x00400050|0x0040004c|0x00400048|0x00400044|0x00400040
185c185
< CYCLE 46:0x0040004c|0x00400048|0x00400044|0x00400040|          
---
> CYCLE 46:0x00400054|0x00400050|0x0040004c|0x00400048|0x00400044
189c189
< CYCLE 47:0x00400050|0x0040004c|0x00400048|0x00400044|0x00400040
---
> CYCLE 47:0x00400058|0x00400054|0x00400050|0x0040004c|0x00400048
193c193
< CYCLE 48:0x00400054|0x00400050|0x0040004c|0x00400048|0x00400044
---
> CYCLE 48:0x0040005c|0x00400058|0x00400054|0x00400050|0x0040004c
197c197
< CYCLE 49:0x00400058|0x00400054|0x00400050|0x0040004c|0x00400048
---
> CYCLE 49:0x00400060|0x0040005c|0x00400058|0x00400054|0x00400050
201c201
< CYCLE 50:0x0040005c|0x00400058|0x00400054|0x00400050|0x0040004c
---
> CYCLE 50:0x00400064|0x00400060|0x0040005c|0x00400058|0x00400054
205c205
< CYCLE 51:0x00400060|0x0040005c|0x00400058|0x00400054|0x00400050
---
> CYCLE 51:0x00400068|0x00400064|0x00400060|0x0040005c|0x00400058
209c209
< CYCLE 52:0x00400064|0x00400060|0x0040005c|0x00400058|0x00400054
---
> CYCLE 52:0x0040006c|0x00400068|0x00400064|0x00400060|0x0040005c
213c213
< CYCLE 53:0x00400068|0x00400064|0x00400060|0x0040005c|0x00400058
---
> CYCLE 53:0x00400070|0x0040006c|0x00400068|0x00400064|0x00400060
217c217
< CYCLE 54:0x0040006c|0x00400068|0x00400064|0x00400060|0x0040005c
---
> CYCLE 54:0x00400074|0x00400070|0x0040006c|0x00400068|0x00400064
221c221
< CYCLE 55:0x00400070|0x0040006c|0x00400068|0x00400064|0x00400060
---
> CYCLE 55:0x00400078|0x00400074|0x00400070|0x0040006c|0x00400068
225c225
< CYCLE 56:          |0x00400070|0x0040006c|0x00400068|0x00400064
---
> CYCLE 56:0x0040007c|0x00400078|0x00400074|0x00400070|0x0040006c
229c229
< CYCLE 57:          |          |0x00400070|0x0040006c|0x00400068
---
> CYCLE 57:0x00400080|0x0040007c|0x00400078|0x00400074|0x00400070
233,237c233
< CYCLE 58:          |          |          |0x00400070|0x0040006c
< 
< Current pipeline PC state :
< -------------------------------------
< CYCLE 59:          |          |          |          |0x00400070
---
> CYCLE 58:0x00400084|0x00400080|0x0040007c|0x00400078|0x00400074
241c237
< PC: 0x00400074
---
> PC: 0x00400088
262,264c258,260
< R19: 0xffffdfe8
< R20: 0x7fffeff4
< R21: 0x7fffeb9d
---
> R19: 0x00000000
> R20: 0x00000000
> R21: 0xfffffba9
289,291c285,287
< 0x1000002c: 0xffffdfe8
< 0x10000030: 0x7fffeff4
< 0x10000034: 0x7fffeb9d
---
> 0x1000002c: 0x00000000
> 0x10000030: 0x00000000
> 0x10000034: 0xfffffba9
----------< 30_nobp_fo >----------
1c1
< Simulating for 30 instructions...
---
> Forwarding_set = 1Simulating for 30 cycles...
129c129
< CYCLE 32:          |0x00400070|0x0040006c|0x00400068|0x00400064
---
> CYCLE 32:0x00400074|0x00400070|0x0040006c|0x00400068|0x00400064
133c133
< CYCLE 33:          |          |0x00400070|0x0040006c|0x00400068
---
> CYCLE 33:0x00400078|0x00400074|0x00400070|0x0040006c|0x00400068
137c137
< CYCLE 34:          |          |          |0x00400070|0x0040006c
---
> CYCLE 34:0x0040007c|0x00400078|0x00400074|0x00400070|0x0040006c
141c141,145
< CYCLE 35:          |          |          |          |0x00400070
---
> CYCLE 35:0x00400080|0x0040007c|0x00400078|0x00400074|0x00400070
> 
> Current pipeline PC state :
> -------------------------------------
> CYCLE 36:0x00400084|0x00400080|0x0040007c|0x00400078|0x00400074
145c149
< PC: 0x00400074
---
> PC: 0x00400088
157,168c161,172
< R10: 0x00000929
< R11: 0x0000222c
< R12: 0x000029f4
< R13: 0x00002e4b
< R14: 0x00000443
< R15: 0x00000041
< R16: 0x00000805
< R17: 0xffffd5d8
< R18: 0xfffff7fa
< R19: 0xffffdfe8
< R20: 0x7fffeff4
< R21: 0x7fffeb9d
---
> R10: 0x000004d2
> R11: 0x0000000a
> R12: 0x000007d2
> R13: 0x00000c29
> R14: 0x00000401
> R15: 0x00000001
> R16: 0x000007c5
> R17: 0xffffd818
> R18: 0xfffffa3a
> R19: 0x00000000
> R20: 0x00000000
> R21: 0xfffffba9
184,195c188,199
< 0x10000008: 0x00000929
< 0x1000000c: 0x0000222c
< 0x10000010: 0x000029f4
< 0x10000014: 0x00002e4b
< 0x10000018: 0x00000443
< 0x1000001c: 0x00000041
< 0x10000020: 0x00000805
< 0x10000024: 0xffffd5d8
< 0x10000028: 0xfffff7fa
< 0x1000002c: 0xffffdfe8
< 0x10000030: 0x7fffeff4
< 0x10000034: 0x7fffeb9d
---
> 0x10000008: 0x000004d2
> 0x1000000c: 0x0000000a
> 0x10000010: 0x000007d2
> 0x10000014: 0x00000c29
> 0x10000018: 0x00000401
> 0x1000001c: 0x00000001
> 0x10000020: 0x000007c5
> 0x10000024: 0xffffd818
> 0x10000028: 0xfffffa3a
> 0x1000002c: 0x00000000
> 0x10000030: 0x00000000
> 0x10000034: 0xfffffba9
----------< 30_nobp_nofo >----------
1c1
< Simulating for 30 instructions...
---
> Simulating for 30 cycles...
161c161
< CYCLE 40:0x00400040|0x0040003c|          |0x00400038|          
---
> CYCLE 40:0x00400044|0x00400040|0x0040003c|0x00400038|          
165c165
< CYCLE 41:0x00400040|0x0040003c|          |          |0x00400038
---
> CYCLE 41:0x00400044|0x00400040|          |0x0040003c|0x00400038
169c169
< CYCLE 42:0x00400044|0x00400040|0x0040003c|          |          
---
> CYCLE 42:0x00400044|0x00400040|          |          |0x0040003c
173c173
< CYCLE 43:0x00400044|0x00400040|          |0x0040003c|          
---
> CYCLE 43:0x00400048|0x00400044|0x00400040|          |          
177c177
< CYCLE 44:0x00400044|0x00400040|          |          |0x0040003c
---
> CYCLE 44:0x0040004c|0x00400048|0x00400044|0x00400040|          
181c181
< CYCLE 45:0x00400048|0x00400044|0x00400040|          |          
---
> CYCLE 45:0x00400050|0x0040004c|0x00400048|0x00400044|0x00400040
185c185
< CYCLE 46:0x0040004c|0x00400048|0x00400044|0x00400040|          
---
> CYCLE 46:0x00400054|0x00400050|0x0040004c|0x00400048|0x00400044
189c189
< CYCLE 47:0x00400050|0x0040004c|0x00400048|0x00400044|0x00400040
---
> CYCLE 47:0x00400058|0x00400054|0x00400050|0x0040004c|0x00400048
193c193
< CYCLE 48:0x00400054|0x00400050|0x0040004c|0x00400048|0x00400044
---
> CYCLE 48:0x0040005c|0x00400058|0x00400054|0x00400050|0x0040004c
197c197
< CYCLE 49:0x00400058|0x00400054|0x00400050|0x0040004c|0x00400048
---
> CYCLE 49:0x00400060|0x0040005c|0x00400058|0x00400054|0x00400050
201c201
< CYCLE 50:0x0040005c|0x00400058|0x00400054|0x00400050|0x0040004c
---
> CYCLE 50:0x00400064|0x00400060|0x0040005c|0x00400058|0x00400054
205c205
< CYCLE 51:0x00400060|0x0040005c|0x00400058|0x00400054|0x00400050
---
> CYCLE 51:0x00400068|0x00400064|0x00400060|0x0040005c|0x00400058
209c209
< CYCLE 52:0x00400064|0x00400060|0x0040005c|0x00400058|0x00400054
---
> CYCLE 52:0x0040006c|0x00400068|0x00400064|0x00400060|0x0040005c
213c213
< CYCLE 53:0x00400068|0x00400064|0x00400060|0x0040005c|0x00400058
---
> CYCLE 53:0x00400070|0x0040006c|0x00400068|0x00400064|0x00400060
217c217
< CYCLE 54:0x0040006c|0x00400068|0x00400064|0x00400060|0x0040005c
---
> CYCLE 54:0x00400074|0x00400070|0x0040006c|0x00400068|0x00400064
221c221
< CYCLE 55:0x00400070|0x0040006c|0x00400068|0x00400064|0x00400060
---
> CYCLE 55:0x00400078|0x00400074|0x00400070|0x0040006c|0x00400068
225c225
< CYCLE 56:          |0x00400070|0x0040006c|0x00400068|0x00400064
---
> CYCLE 56:0x0040007c|0x00400078|0x00400074|0x00400070|0x0040006c
229c229
< CYCLE 57:          |          |0x00400070|0x0040006c|0x00400068
---
> CYCLE 57:0x00400080|0x0040007c|0x00400078|0x00400074|0x00400070
233,237c233
< CYCLE 58:          |          |          |0x00400070|0x0040006c
< 
< Current pipeline PC state :
< -------------------------------------
< CYCLE 59:          |          |          |          |0x00400070
---
> CYCLE 58:0x00400084|0x00400080|0x0040007c|0x00400078|0x00400074
241c237
< PC: 0x00400074
---
> PC: 0x00400088
262,264c258,260
< R19: 0xffffdfe8
< R20: 0x7fffeff4
< R21: 0x7fffeb9d
---
> R19: 0x00000000
> R20: 0x00000000
> R21: 0xfffffba9
289,291c285,287
< 0x1000002c: 0xffffdfe8
< 0x10000030: 0x7fffeff4
< 0x10000034: 0x7fffeb9d
---
> 0x1000002c: 0x00000000
> 0x10000030: 0x00000000
> 0x10000034: 0xfffffba9
